[Bootstrap]
SetupTitle=8085 Simulator IDE v2.30 Setup
SetupText=Copying Files, please stand by.
CabFile=8085simulatoride.cab
Spawn=Setup1.exe
Uninstal=st6unst.exe
TmpDir=msftqws.pdw
Cabs=1

[Bootstrap Files]
File1=@VB6STKIT.DLL,$(WinSysPathSysFile),,,7/15/00 12:00:00 AM,101888,6.0.84.50
File2=@COMCAT.DLL,$(WinSysPathSysFile),$(DLLSelfRegister),,5/31/98 12:00:00 AM,22288,4.71.1460.1
File3=@STDOLE2.TLB,$(WinSysPathSysFile),$(TLBRegister),,6/3/99 12:00:00 AM,17920,2.40.4275.1
File4=@ASYCFILT.DLL,$(WinSysPathSysFile),,,3/8/99 12:00:00 AM,147728,2.40.4275.1
File5=@OLEPRO32.DLL,$(WinSysPathSysFile),$(DLLSelfRegister),,3/8/99 12:00:00 AM,164112,5.0.4275.1
File6=@OLEAUT32.DLL,$(WinSysPathSysFile),$(DLLSelfRegister),,4/12/00 12:00:00 AM,598288,2.40.4275.1
File7=@msvbvm60.dll,$(WinSysPathSysFile),$(DLLSelfRegister),,2/23/04 12:00:00 AM,1386496,6.0.97.82

[IconGroups]
Group0=8085 Simulator IDE
PrivateGroup0=0
Parent0=$(Programs)

[8085 Simulator IDE]
Icon1="8085simulatoride.exe"
Title1=8085 Simulator IDE
StartIn1=$(AppPath)
Icon2="8085getstarted.html"
Title2=Getting Started
StartIn2=$(AppPath)
Icon3="8085special.html"
Title3=Special Features
StartIn3=$(AppPath)

[Setup]
Title=8085 Simulator IDE v2.30
DefaultDir=$(ProgramFiles)\8085 Simulator IDE
AppExe=8085simulatoride.exe
AppToUninstall=8085simulatoride.exe

[Setup1 Files]
File1=@8085simulatoride.exe,$(AppPath),$(EXESelfRegister),,8/2/04 12:00:00 AM,864256,2.30.0.0
File2=@8085getstarted.html,$(AppPath),,,8/2/04 12:00:00 AM,23706,0.0.0.0
File3=@8085special.html,$(AppPath),,,8/2/04 12:00:00 AM,5923,0.0.0.0
File4=@8085screen1.png,$(AppPath),,,8/2/04 12:00:00 AM,27467,0.0.0.0
File5=@8085screen2.png,$(AppPath),,,8/2/04 12:00:00 AM,24143,0.0.0.0
File6=@8085screen3.png,$(AppPath),,,8/2/04 12:00:00 AM,32102,0.0.0.0
File7=@8085screen4.png,$(AppPath),,,8/2/04 12:00:00 AM,24866,0.0.0.0
File8=@8085screen5.png,$(AppPath),,,8/2/04 12:00:00 AM,22479,0.0.0.0
File9=@8085screen6.png,$(AppPath),,,8/2/04 12:00:00 AM,20737,0.0.0.0
File10=@basmul.bas,$(AppPath),,,8/2/04 12:00:00 AM,114,0.0.0.0
File11=@basprint.bas,$(AppPath),,,8/2/04 12:00:00 AM,216,0.0.0.0
File12=@basmul.asm,$(AppPath),,,8/2/04 12:00:00 AM,1035,0.0.0.0
File13=@basprint.asm,$(AppPath),,,8/2/04 12:00:00 AM,4862,0.0.0.0
File14=@bin2bcd.asm,$(AppPath),,,8/2/04 12:00:00 AM,993,0.0.0.0
File15=@interrupt.asm,$(AppPath),,,8/2/04 12:00:00 AM,767,0.0.0.0
File16=@memfill.asm,$(AppPath),,,8/2/04 12:00:00 AM,324,0.0.0.0
File17=@memfill2.asm,$(AppPath),,,8/2/04 12:00:00 AM,424,0.0.0.0
File18=@basmul.lst,$(AppPath),,,8/2/04 12:00:00 AM,3049,0.0.0.0
File19=@basprint.lst,$(AppPath),,,8/2/04 12:00:00 AM,15252,0.0.0.0
File20=@bin2bcd.lst,$(AppPath),,,8/2/04 12:00:00 AM,1735,0.0.0.0
File21=@interrupt.lst,$(AppPath),,,8/2/04 12:00:00 AM,1437,0.0.0.0
File22=@memfill.lst,$(AppPath),,,8/2/04 12:00:00 AM,562,0.0.0.0
File23=@memfill2.lst,$(AppPath),,,8/2/04 12:00:00 AM,686,0.0.0.0
File24=@basmul.obj,$(AppPath),,,8/2/04 12:00:00 AM,94,0.0.0.0
File25=@basprint.obj,$(AppPath),,,8/2/04 12:00:00 AM,691,0.0.0.0
File26=@bin2bcd.obj,$(AppPath),,,8/2/04 12:00:00 AM,257,0.0.0.0
File27=@interrupt.obj,$(AppPath),,,8/2/04 12:00:00 AM,284,0.0.0.0
File28=@memfill.obj,$(AppPath),,,8/2/04 12:00:00 AM,13,0.0.0.0
File29=@memfill2.obj,$(AppPath),,,8/2/04 12:00:00 AM,17,0.0.0.0
File30=@comdlg32.ocx,$(WinSysPath),$(DLLSelfRegister),$(Shared),3/9/04 12:00:00 AM,152848,6.1.97.82
File31=@edittextbox.ocx,$(WinSysPath),$(DLLSelfRegister),$(Shared),6/1/04 12:00:00 AM,122880,1.0.0.8
File32=@richtx32.ocx,$(WinSysPath),$(DLLSelfRegister),$(Shared),3/9/04 12:00:00 AM,212240,6.1.97.82
File33=@vscrollbar.ocx,$(WinSysPath),$(DLLSelfRegister),$(Shared),6/1/04 12:00:00 AM,32768,1.0.0.2
File34=@riched32.dll,$(WinSysPathSysFile),,,5/7/98 12:00:00 AM,174352,4.0.993.4
File35=@wbemdisp.tlb,$(WinSysPath),,$(Shared),8/29/02 12:00:00 PM,59904,5.1.2600.0

; The following lines may be deleted in order to obtain extra 
; space for customizing this file on a full installation diskette.
; 
; XXXXXXXXXXXXXXXXXXXXXXXXXXXXXXXXXXXXXXXXXXXXXXXXXXXXXXXXXXXX
; XXXXXXXXXXXXXXXXXXXXXXXXXXXXXXXXXXXXXXXXXXXXXXXXXXXXXXXXXXXX
; XXXXXXXXXXXXXXXXXXXXXXXXXXXXXXXXXXXXXXXXXXXXXXXXXXXXXXXXXXXX
; XXXXXXXXXXXXXXXXXXXXXXXXXXXXXXXXXXXXXXXXXXXXXXXXXXXXXXXXXXXX
; XXXXXXXXXXXXXXXXXXXXXXXXXXXXXXXXXXXXXXXXXXXXXXXXXXXXXXXXXXXX
; XXXXXXXXXXXXXXXXXXXXXXXXXXXXXXXXXXXXXXXXXXXXXXXXXXXXXXXXXXXX
; XXXXXXXXXXXXXXXXXXXXXXXXXXXXXXXXXXXXXXXXXXXXXXXXXXXXXXXXXXXX
; XXXXXXXXXXXXXXXXXXXXXXXXXXXXXXXXXXXXXXXXXXXXXXXXXXXXXXXXXXXX
; XXXXXXXXXXXXXXXXXXXXXXXXXXXXXXXXXXXXXXXXXXXXXXXXXXXXXXXXXXXX
; XXXXXXXXXXXXXXXXXXXXXXXXXXXXXXXXXXXXXXXXXXXXXXXXXXXXXXXXXXXX
; XXXXXXXXXXXXXXXXXXXXXXXXXXXXXXXXXXXXXXXXXXXXXXXXXXXXXXXXXXXX
; XXXXXXXXXXXXXXXXXXXXXXXXXXXXXXXXXXXXXXXXXXXXXXXXXXXXXXXXXXXX
; XXXXXXXXXXXXXXXXXXXXXXXXXXXXXXXXXXXXXXXXXXXXXXXXXXXXXXXXXXXX
; XXXXXXXXXXXXXXXXXXXXXXXXXXXXXXXXXXXXXXXXXXXXXXXXXXXXXXXXXXXX
; XXXXXXXXXXXXXXXXXXXXXXXXXXXXXXXXXXXXXXXXXXXXXXXXXXXXXXXXXXXX
; XXXXXXXXXXXXXXXXXXXXXXXXXXXXXXXXXXXXXXXXXXXXXXXXXXXXXXXXXXXX
; XXXXXXXXXXXXXXXXXXXXXXXXXXXXXXXXXXXXXXXXXXXXXXXXXXXXXXXXXXXX
; XXXXXXXXXXXXXXXXXXXXXXXXXXXXXXXXXXXXXXXXXXXXXXXXXXXXXXXXXXXX
; XXXXXXXXXXXXXXXXXXXXXXXXXXXXXXXXXXXXXXXXXXXXXXXXXXXXXXXXXXXX
; XXXXXXXXXXXXXXXXXXXXXXXXXXXXXXXXXXXXXXXXXXXXXXXXXXXXXXXXXXXX
; XXXXXXXXXXXXXXXXXXXXXXXXXXXXXXXXXXXXXXXXXXXXXXXXXXXXXXXXXXXX
; XXXXXXXXXXXXXXXXXXXXXXXXXXXXXXXXXXXXXXXXXXXXXXXXXXXXXXXXXXXX
; XXXXXXXXXXXXXXXXXXXXXXXXXXXXXXXXXXXXXXXXXXXXXXXXXXXXXXXXXXXX
; XXXXXXXXXXXXXXXXXXXXXXXXXXXXXXXXXXXXXXXXXXXXXXXXXXXXXXXXXXXX
; XXXXXXXXXXXXXXXXXXXXXXXXXXXXXXXXXXXXXXXXXXXXXXXXXXXXXXXXXXXX
; XXXXXXXXXXXXXXXXXXXXXXXXXXXXXXXXXXXXXXXXXXXXXXXXXXXXXXXXXXXX
; XXXXXXXXXXXXXXXXXXXXXXXXXXXXXXXXXXXXXXXXXXXXXXXXXXXXXXXXXXXX
; XXXXXXXXXXXXXXXXXXXXXXXXXXXXXXXXXXXXXXXXXXXXXXXXXXXXXXXXXXXX
; XXXXXXXXXXXXXXXXXXXXXXXXXXXXXXXXXXXXXXXXXXXXXXXXXXXXXXXXXXXX
; XXXXXXXXXXXXXXXXXXXXXXXXXXXXXXXXXXXXXXXXXXXXXXXXXXXXXXXXXXXX
; XXXXXXXXXXXXXXXXXXXXXXXXXXXXXXXXXXXXXXXXXXXXXXXXXXXXXXXXXXXX
; XXXXXXXXXXXXXXXXXXXXXXXXXXXXXXXXXXXXXXXXXXXXXXXXXXXXXXXXXXXX
; XXXXXXXXXXXXXXXXXXXXXXXXXXXXXXXXXXXXXXXXXXXXXXXXXXXXXXXXXXXX
; XXXXXXXXXXXXXXXXXXXXXXXXXXXXXXXXXXXXXXXXXXXXXXXXXXXXXXXXXXXX
; XXXXXXXXXXXXXXXXXXXXXXXXXXXXXXXXXXXXXXXXXXXXXXXXXXXXXXXXXXXX
